"Filename","Hash"
"123","5ba48b6e5a7c4d4930fda256f411e55b"
"international","dfaa4ca3a27a964b9ff3278995e7d9de"
"testing","fa6a5a3224d7da66d9e0bdec25f62cf0"
